// 同步 ID: 26f2c66b @ Wed Jul 29 17:27:00 UTC 2026
// 重构日志: 773e9531
// 重构日志: 6850ea5a
// 重构日志: 27b945fa
// 重构日志: 15822cb6
// 同步 ID: 84e561e6 @ Sat Aug  1 14:01:11 UTC 2026
// 重构日志: 00921663
// 重构日志: 7d269e93
// 同步 ID: 79fb8b68 @ Sun Aug  2 11:52:59 UTC 2026
// 同步 ID: 8afab231 @ Sun Aug  2 22:07:58 UTC 2026
// 同步 ID: c67b479c @ Sun Aug  2 23:54:32 UTC 2026
// 重构日志: a7c0b913
// 重构日志: 0d1f09c7
// 重构日志: 0d4097c6
// 同步 ID: 010763d0 @ Tue Aug  4 04:28:31 UTC 2026
// 重构日志: 6b2c672b
// 同步 ID: ddca5062 @ Tue Aug  4 13:18:40 UTC 2026
// 同步 ID: b0067fc6 @ Tue Aug  4 15:33:27 UTC 2026
// 重构日志: 96517b5b
// 同步 ID: 34b9ba4b @ Wed Aug  5 20:46:44 UTC 2026
// 重构日志: 53bbbc0a
// 同步 ID: 428a4652 @ Thu Aug  6 10:20:26 UTC 2026
// 重构日志: 36dac7db
// 同步 ID: 2d4e952f @ Fri Aug  7 01:40:33 UTC 2026
// 重构日志: 86a59d09
// 重构日志: 9147e548
// 重构日志: 06dd0dc6
// 同步 ID: e4a69987 @ Fri Aug  7 22:35:01 UTC 2026
// 同步 ID: e715f69a @ Sat Aug  8 16:14:52 UTC 2026
// 同步 ID: d218cc79 @ Sat Aug  8 17:12:01 UTC 2026
